Archive member included to satisfy reference by file (symbol)

/usr/lib/gcc/aarch64-linux-gnu/11/../../../aarch64-linux-gnu/libc.a(libc-start.o)
                              /usr/lib/gcc/aarch64-linux-gnu/11/../../../aarch64-linux-gnu/crt1.o (__libc_start_main)
/usr/lib/gcc/aarch64-linux-gnu/11/../../../aarch64-linux-gnu/libc.a(check_fds.o)
                              /usr/lib/gcc/aarch64-linux-gnu/11/../../../aarch64-linux-gnu/libc.a(libc-start.o) (__libc_check_standard_fds)
/usr/lib/gcc/aarch64-linux-gnu/11/../../../aarch64-linux-gnu/libc.a(libc-tls.o)
                              /usr/lib/gcc/aarch64-linux-gnu/11/../../../aarch64-linux-gnu/libc.a(libc-start.o) (__libc_setup_tls)
/usr/lib/gcc/aarch64-linux-gnu/11/../../../aarch64-linux-gnu/libc.a(errno.o)
                              /usr/lib/gcc/aarch64-linux-gnu/11/../../../aarch64-linux-gnu/libc.a(check_fds.o) (__libc_errno)
/usr/lib/gcc/aarch64-linux-gnu/11/../../../aarch64-linux-gnu/libc.a(assert.o)
                              /usr/lib/gcc/aarch64-linux-gnu/11/../../../aarch64-linux-gnu/libc.a(libc-start.o) (__assert_fail)
/usr/lib/gcc/aarch64-linux-gnu/11/../../../aarch64-linux-gnu/libc.a(dcgettext.o)
                              /usr/lib/gcc/aarch64-linux-gnu/11/../../../aarch64-linux-gnu/libc.a(assert.o) (__dcgettext)
/usr/lib/gcc/aarch64-linux-gnu/11/../../../aarch64-linux-gnu/libc.a(dcigettext.o)
                              /usr/lib/gcc/aarch64-linux-gnu/11/../../../aarch64-linux-gnu/libc.a(dcgettext.o) (__dcigettext)
/usr/lib/gcc/aarch64-linux-gnu/11/../../../aarch64-linux-gnu/libc.a(finddomain.o)
                              /usr/lib/gcc/aarch64-linux-gnu/11/../../../aarch64-linux-gnu/libc.a(dcigettext.o) (_nl_find_domain)
/usr/lib/gcc/aarch64-linux-gnu/11/../../../aarch64-linux-gnu/libc.a(loadmsgcat.o)
                              /usr/lib/gcc/aarch64-linux-gnu/11/../../../aarch64-linux-gnu/libc.a(dcigettext.o) (_nl_load_domain)
/usr/lib/gcc/aarch64-linux-gnu/11/../../../aarch64-linux-gnu/libc.a(localealias.o)
                              /usr/lib/gcc/aarch64-linux-gnu/11/../../../aarch64-linux-gnu/libc.a(finddomain.o) (_nl_expand_alias)
/usr/lib/gcc/aarch64-linux-gnu/11/../../../aarch64-linux-gnu/libc.a(l10nflist.o)
                              /usr/lib/gcc/aarch64-linux-gnu/11/../../../aarch64-linux-gnu/libc.a(finddomain.o) (_nl_make_l10nflist)
/usr/lib/gcc/aarch64-linux-gnu/11/../../../aarch64-linux-gnu/libc.a(explodename.o)
                              /usr/lib/gcc/aarch64-linux-gnu/11/../../../aarch64-linux-gnu/libc.a(finddomain.o) (_nl_explode_name)
/usr/lib/gcc/aarch64-linux-gnu/11/../../../aarch64-linux-gnu/libc.a(plural.o)
                              /usr/lib/gcc/aarch64-linux-gnu/11/../../../aarch64-linux-gnu/libc.a(loadmsgcat.o) (__gettext_free_exp)
/usr/lib/gcc/aarch64-linux-gnu/11/../../../aarch64-linux-gnu/libc.a(plural-exp.o)
                              /usr/lib/gcc/aarch64-linux-gnu/11/../../../aarch64-linux-gnu/libc.a(loadmsgcat.o) (__gettext_extract_plural)
/usr/lib/gcc/aarch64-linux-gnu/11/../../../aarch64-linux-gnu/libc.a(hash-string.o)
                              /usr/lib/gcc/aarch64-linux-gnu/11/../../../aarch64-linux-gnu/libc.a(dcigettext.o) (__hash_string)
/usr/lib/gcc/aarch64-linux-gnu/11/../../../aarch64-linux-gnu/libc.a(setjmp.o)
                              /usr/lib/gcc/aarch64-linux-gnu/11/../../../aarch64-linux-gnu/libc.a(libc-start.o) (_setjmp)
/usr/lib/gcc/aarch64-linux-gnu/11/../../../aarch64-linux-gnu/libc.a(sigjmp.o)
                              /usr/lib/gcc/aarch64-linux-gnu/11/../../../aarch64-linux-gnu/libc.a(setjmp.o) (__sigjmp_save)
/usr/lib/gcc/aarch64-linux-gnu/11/../../../aarch64-linux-gnu/libc.a(raise.o)
                              /usr/lib/gcc/aarch64-linux-gnu/11/../../../aarch64-linux-gnu/libc.a(dcigettext.o) (raise)
/usr/lib/gcc/aarch64-linux-gnu/11/../../../aarch64-linux-gnu/libc.a(sigprocmask.o)
                              /usr/lib/gcc/aarch64-linux-gnu/11/../../../aarch64-linux-gnu/libc.a(sigjmp.o) (__sigprocmask)
/usr/lib/gcc/aarch64-linux-gnu/11/../../../aarch64-linux-gnu/libc.a(abort.o)
                              /usr/lib/gcc/aarch64-linux-gnu/11/../../../aarch64-linux-gnu/crt1.o (abort)
/usr/lib/gcc/aarch64-linux-gnu/11/../../../aarch64-linux-gnu/libc.a(msort.o)
                              /usr/lib/gcc/aarch64-linux-gnu/11/../../../aarch64-linux-gnu/libc.a(localealias.o) (qsort)
/usr/lib/gcc/aarch64-linux-gnu/11/../../../aarch64-linux-gnu/libc.a(getenv.o)
                              /usr/lib/gcc/aarch64-linux-gnu/11/../../../aarch64-linux-gnu/libc.a(dcigettext.o) (getenv)
/usr/lib/gcc/aarch64-linux-gnu/11/../../../aarch64-linux-gnu/libc.a(exit.o)
                              /usr/lib/gcc/aarch64-linux-gnu/11/../../../aarch64-linux-gnu/libc.a(libc-start.o) (exit)
/usr/lib/gcc/aarch64-linux-gnu/11/../../../aarch64-linux-gnu/libc.a(cxa_atexit.o)
                              /usr/lib/gcc/aarch64-linux-gnu/11/../../../aarch64-linux-gnu/libc.a(libc-start.o) (__cxa_atexit)
/usr/lib/gcc/aarch64-linux-gnu/11/../../../aarch64-linux-gnu/libc.a(strtoul.o)
                              /usr/lib/gcc/aarch64-linux-gnu/11/../../../aarch64-linux-gnu/libc.a(plural-exp.o) (strtoul)
/usr/lib/gcc/aarch64-linux-gnu/11/../../../aarch64-linux-gnu/libc.a(strtoul_l.o)
                              /usr/lib/gcc/aarch64-linux-gnu/11/../../../aarch64-linux-gnu/libc.a(strtoul.o) (____strtoul_l_internal)
/usr/lib/gcc/aarch64-linux-gnu/11/../../../aarch64-linux-gnu/libc.a(grouping.o)
                              /usr/lib/gcc/aarch64-linux-gnu/11/../../../aarch64-linux-gnu/libc.a(strtoul_l.o) (__correctly_grouped_prefixmb)
/usr/lib/gcc/aarch64-linux-gnu/11/../../../aarch64-linux-gnu/libc.a(asprintf.o)
                              /usr/lib/gcc/aarch64-linux-gnu/11/../../../aarch64-linux-gnu/libc.a(assert.o) (__asprintf)
/usr/lib/gcc/aarch64-linux-gnu/11/../../../aarch64-linux-gnu/libc.a(fxprintf.o)
                              /usr/lib/gcc/aarch64-linux-gnu/11/../../../aarch64-linux-gnu/libc.a(assert.o) (__fxprintf)
/usr/lib/gcc/aarch64-linux-gnu/11/../../../aarch64-linux-gnu/libc.a(iofclose.o)
                              /usr/lib/gcc/aarch64-linux-gnu/11/../../../aarch64-linux-gnu/libc.a(localealias.o) (_IO_new_fclose)
/usr/lib/gcc/aarch64-linux-gnu/11/../../../aarch64-linux-gnu/libc.a(iofflush.o)
                              /usr/lib/gcc/aarch64-linux-gnu/11/../../../aarch64-linux-gnu/libc.a(assert.o) (_IO_fflush)
/usr/lib/gcc/aarch64-linux-gnu/11/../../../aarch64-linux-gnu/libc.a(iofopen.o)
                              /usr/lib/gcc/aarch64-linux-gnu/11/../../../aarch64-linux-gnu/libc.a(localealias.o) (_IO_new_fopen)
/usr/lib/gcc/aarch64-linux-gnu/11/../../../aarch64-linux-gnu/libc.a(wfileops.o)
                              /usr/lib/gcc/aarch64-linux-gnu/11/../../../aarch64-linux-gnu/libc.a(iofopen.o) (_IO_wfile_jumps_maybe_mmap)
/usr/lib/gcc/aarch64-linux-gnu/11/../../../aarch64-linux-gnu/libc.a(iofwide.o)
                              /usr/lib/gcc/aarch64-linux-gnu/11/../../../aarch64-linux-gnu/libc.a(wfileops.o) (__libio_codecvt_out)
/usr/lib/gcc/aarch64-linux-gnu/11/../../../aarch64-linux-gnu/libc.a(vasprintf.o)
                              /usr/lib/gcc/aarch64-linux-gnu/11/../../../aarch64-linux-gnu/libc.a(asprintf.o) (__vasprintf_internal)
/usr/lib/gcc/aarch64-linux-gnu/11/../../../aarch64-linux-gnu/libc.a(libc_fatal.o)
                              /usr/lib/gcc/aarch64-linux-gnu/11/../../../aarch64-linux-gnu/libc.a(libc-start.o) (__libc_fatal)
/usr/lib/gcc/aarch64-linux-gnu/11/../../../aarch64-linux-gnu/libc.a(vtables.o)
                              /usr/lib/gcc/aarch64-linux-gnu/11/../../../aarch64-linux-gnu/libc.a(iofclose.o) (_IO_vtable_check)
/usr/lib/gcc/aarch64-linux-gnu/11/../../../aarch64-linux-gnu/libc.a(iofgets_u.o)
                              /usr/lib/gcc/aarch64-linux-gnu/11/../../../aarch64-linux-gnu/libc.a(localealias.o) (__fgets_unlocked)
/usr/lib/gcc/aarch64-linux-gnu/11/../../../aarch64-linux-gnu/libc.a(fileops.o)
                              /usr/lib/gcc/aarch64-linux-gnu/11/../../../aarch64-linux-gnu/libc.a(wfileops.o) (_IO_file_close)
/usr/lib/gcc/aarch64-linux-gnu/11/../../../aarch64-linux-gnu/libc.a(genops.o)
                              /usr/lib/gcc/aarch64-linux-gnu/11/../../../aarch64-linux-gnu/libc.a(iofclose.o) (_IO_un_link)
/usr/lib/gcc/aarch64-linux-gnu/11/../../../aarch64-linux-gnu/libc.a(stdfiles.o)
                              /usr/lib/gcc/aarch64-linux-gnu/11/../../../aarch64-linux-gnu/libc.a(genops.o) (_IO_list_all)
/usr/lib/gcc/aarch64-linux-gnu/11/../../../aarch64-linux-gnu/libc.a(stdio.o)
                              /usr/lib/gcc/aarch64-linux-gnu/11/../../../aarch64-linux-gnu/libc.a(assert.o) (stderr)
/usr/lib/gcc/aarch64-linux-gnu/11/../../../aarch64-linux-gnu/libc.a(strops.o)
                              /usr/lib/gcc/aarch64-linux-gnu/11/../../../aarch64-linux-gnu/libc.a(vasprintf.o) (_IO_str_init_static_internal)
/usr/lib/gcc/aarch64-linux-gnu/11/../../../aarch64-linux-gnu/libc.a(alloca_cutoff.o)
                              /usr/lib/gcc/aarch64-linux-gnu/11/../../../aarch64-linux-gnu/libc.a(fxprintf.o) (__libc_alloca_cutoff)
/usr/lib/gcc/aarch64-linux-gnu/11/../../../aarch64-linux-gnu/libc.a(libc-cleanup.o)
                              /usr/lib/gcc/aarch64-linux-gnu/11/../../../aarch64-linux-gnu/libc.a(genops.o) (__libc_cleanup_push_defer)
/usr/lib/gcc/aarch64-linux-gnu/11/../../../aarch64-linux-gnu/libc.a(lowlevellock.o)
                              /usr/lib/gcc/aarch64-linux-gnu/11/../../../aarch64-linux-gnu/libc.a(dcigettext.o) (__lll_lock_wait_private)
/usr/lib/gcc/aarch64-linux-gnu/11/../../../aarch64-linux-gnu/libc.a(nptl_deallocate_tsd.o)
                              /usr/lib/gcc/aarch64-linux-gnu/11/../../../aarch64-linux-gnu/libc.a(libc-start.o) (__nptl_deallocate_tsd)
/usr/lib/gcc/aarch64-linux-gnu/11/../../../aarch64-linux-gnu/libc.a(nptl_nthreads.o)
                              /usr/lib/gcc/aarch64-linux-gnu/11/../../../aarch64-linux-gnu/libc.a(libc-start.o) (__nptl_nthreads)
/usr/lib/gcc/aarch64-linux-gnu/11/../../../aarch64-linux-gnu/libc.a(pthread_keys.o)
                              /usr/lib/gcc/aarch64-linux-gnu/11/../../../aarch64-linux-gnu/libc.a(nptl_deallocate_tsd.o) (__pthread_keys)
/usr/lib/gcc/aarch64-linux-gnu/11/../../../aarch64-linux-gnu/libc.a(pthread_kill.o)
                              /usr/lib/gcc/aarch64-linux-gnu/11/../../../aarch64-linux-gnu/libc.a(raise.o) (__pthread_kill)
/usr/lib/gcc/aarch64-linux-gnu/11/../../../aarch64-linux-gnu/libc.a(pthread_rwlock_init.o)
                              /usr/lib/gcc/aarch64-linux-gnu/11/../../../aarch64-linux-gnu/libc.a(loadmsgcat.o) (__pthread_rwlock_init)
/usr/lib/gcc/aarch64-linux-gnu/11/../../../aarch64-linux-gnu/libc.a(pthread_rwlock_rdlock.o)
                              /usr/lib/gcc/aarch64-linux-gnu/11/../../../aarch64-linux-gnu/libc.a(dcigettext.o) (__pthread_rwlock_rdlock)
/usr/lib/gcc/aarch64-linux-gnu/11/../../../aarch64-linux-gnu/libc.a(pthread_rwlock_unlock.o)
                              /usr/lib/gcc/aarch64-linux-gnu/11/../../../aarch64-linux-gnu/libc.a(dcigettext.o) (__pthread_rwlock_unlock)
/usr/lib/gcc/aarch64-linux-gnu/11/../../../aarch64-linux-gnu/libc.a(pthread_rwlock_wrlock.o)
                              /usr/lib/gcc/aarch64-linux-gnu/11/../../../aarch64-linux-gnu/libc.a(dcigettext.o) (__pthread_rwlock_wrlock)
/usr/lib/gcc/aarch64-linux-gnu/11/../../../aarch64-linux-gnu/libc.a(pthread_self.o)
                              /usr/lib/gcc/aarch64-linux-gnu/11/../../../aarch64-linux-gnu/libc.a(raise.o) (__pthread_self)
/usr/lib/gcc/aarch64-linux-gnu/11/../../../aarch64-linux-gnu/libc.a(pthread_setcancelstate.o)
                              /usr/lib/gcc/aarch64-linux-gnu/11/../../../aarch64-linux-gnu/libc.a(assert.o) (__pthread_setcancelstate)
/usr/lib/gcc/aarch64-linux-gnu/11/../../../aarch64-linux-gnu/libc.a(pthread_sigmask.o)
                              /usr/lib/gcc/aarch64-linux-gnu/11/../../../aarch64-linux-gnu/libc.a(sigprocmask.o) (__pthread_sigmask)
/usr/lib/gcc/aarch64-linux-gnu/11/../../../aarch64-linux-gnu/libc.a(pthread_testcancel.o)
                              /usr/lib/gcc/aarch64-linux-gnu/11/../../../aarch64-linux-gnu/libc.a(libc-cleanup.o) (__pthread_testcancel)
/usr/lib/gcc/aarch64-linux-gnu/11/../../../aarch64-linux-gnu/libc.a(malloc.o)
                              /usr/lib/gcc/aarch64-linux-gnu/11/../../../aarch64-linux-gnu/libc.a(dcigettext.o) (malloc)
/usr/lib/gcc/aarch64-linux-gnu/11/../../../aarch64-linux-gnu/libc.a(strchr.o)
                              /usr/lib/gcc/aarch64-linux-gnu/11/../../../aarch64-linux-gnu/libc.a(dcigettext.o) (strchr)
/usr/lib/gcc/aarch64-linux-gnu/11/../../../aarch64-linux-gnu/libc.a(strcmp.o)
                              /usr/lib/gcc/aarch64-linux-gnu/11/../../../aarch64-linux-gnu/libc.a(libc-start.o) (strcmp)
/usr/lib/gcc/aarch64-linux-gnu/11/../../../aarch64-linux-gnu/libc.a(strcpy.o)
                              /usr/lib/gcc/aarch64-linux-gnu/11/../../../aarch64-linux-gnu/libc.a(assert.o) (strcpy)
/usr/lib/gcc/aarch64-linux-gnu/11/../../../aarch64-linux-gnu/libc.a(strcspn.o)
                              /usr/lib/gcc/aarch64-linux-gnu/11/../../../aarch64-linux-gnu/libc.a(dcigettext.o) (strcspn)
/usr/lib/gcc/aarch64-linux-gnu/11/../../../aarch64-linux-gnu/libc.a(strdup.o)
                              /usr/lib/gcc/aarch64-linux-gnu/11/../../../aarch64-linux-gnu/libc.a(dcigettext.o) (__strdup)
/usr/lib/gcc/aarch64-linux-gnu/11/../../../aarch64-linux-gnu/libc.a(strlen.o)
                              /usr/lib/gcc/aarch64-linux-gnu/11/../../../aarch64-linux-gnu/libc.a(dcigettext.o) (strlen)
/usr/lib/gcc/aarch64-linux-gnu/11/../../../aarch64-linux-gnu/libc.a(strncmp.o)
                              /usr/lib/gcc/aarch64-linux-gnu/11/../../../aarch64-linux-gnu/libc.a(l10nflist.o) (strncmp)
/usr/lib/gcc/aarch64-linux-gnu/11/../../../aarch64-linux-gnu/libc.a(strstr.o)
                              /usr/lib/gcc/aarch64-linux-gnu/11/../../../aarch64-linux-gnu/libc.a(dcigettext.o) (strstr)
/usr/lib/gcc/aarch64-linux-gnu/11/../../../aarch64-linux-gnu/libc.a(memcmp.o)
                              /usr/lib/gcc/aarch64-linux-gnu/11/../../../aarch64-linux-gnu/libc.a(strstr.o) (memcmp)
/usr/lib/gcc/aarch64-linux-gnu/11/../../../aarch64-linux-gnu/libc.a(memmove.o)
                              /usr/lib/gcc/aarch64-linux-gnu/11/../../../aarch64-linux-gnu/libc.a(wfileops.o) (memmove)
/usr/lib/gcc/aarch64-linux-gnu/11/../../../aarch64-linux-gnu/libc.a(memset.o)
                              /usr/lib/gcc/aarch64-linux-gnu/11/../../../aarch64-linux-gnu/libc.a(abort.o) (memset)
/usr/lib/gcc/aarch64-linux-gnu/11/../../../aarch64-linux-gnu/libc.a(stpcpy.o)
                              /usr/lib/gcc/aarch64-linux-gnu/11/../../../aarch64-linux-gnu/libc.a(dcigettext.o) (__stpcpy)
/usr/lib/gcc/aarch64-linux-gnu/11/../../../aarch64-linux-gnu/libc.a(strcasecmp_l.o)
                              /usr/lib/gcc/aarch64-linux-gnu/11/../../../aarch64-linux-gnu/libc.a(localealias.o) (__strcasecmp_l)
/usr/lib/gcc/aarch64-linux-gnu/11/../../../aarch64-linux-gnu/libc.a(memcpy.o)
                              /usr/lib/gcc/aarch64-linux-gnu/11/../../../aarch64-linux-gnu/libc.a(libc-tls.o) (memcpy)
/usr/lib/gcc/aarch64-linux-gnu/11/../../../aarch64-linux-gnu/libc.a(rawmemchr.o)
                              /usr/lib/gcc/aarch64-linux-gnu/11/../../../aarch64-linux-gnu/libc.a(dcigettext.o) (__rawmemchr)
/usr/lib/gcc/aarch64-linux-gnu/11/../../../aarch64-linux-gnu/libc.a(strchrnul.o)
                              /usr/lib/gcc/aarch64-linux-gnu/11/../../../aarch64-linux-gnu/libc.a(libc_fatal.o) (__strchrnul)
/usr/lib/gcc/aarch64-linux-gnu/11/../../../aarch64-linux-gnu/libc.a(memcpy_generic.o)
                              /usr/lib/gcc/aarch64-linux-gnu/11/../../../aarch64-linux-gnu/libc.a(memcpy.o) (__memcpy_generic)
/usr/lib/gcc/aarch64-linux-gnu/11/../../../aarch64-linux-gnu/libc.a(memcpy_advsimd.o)
                              /usr/lib/gcc/aarch64-linux-gnu/11/../../../aarch64-linux-gnu/libc.a(memcpy.o) (__memcpy_simd)
/usr/lib/gcc/aarch64-linux-gnu/11/../../../aarch64-linux-gnu/libc.a(memcpy_thunderx.o)
                              /usr/lib/gcc/aarch64-linux-gnu/11/../../../aarch64-linux-gnu/libc.a(memmove.o) (__memmove_thunderx)
/usr/lib/gcc/aarch64-linux-gnu/11/../../../aarch64-linux-gnu/libc.a(memcpy_thunderx2.o)
                              /usr/lib/gcc/aarch64-linux-gnu/11/../../../aarch64-linux-gnu/libc.a(memmove.o) (__memmove_thunderx2)
/usr/lib/gcc/aarch64-linux-gnu/11/../../../aarch64-linux-gnu/libc.a(memcpy_falkor.o)
                              /usr/lib/gcc/aarch64-linux-gnu/11/../../../aarch64-linux-gnu/libc.a(memcpy.o) (__memcpy_falkor)
/usr/lib/gcc/aarch64-linux-gnu/11/../../../aarch64-linux-gnu/libc.a(memcpy_a64fx.o)
                              /usr/lib/gcc/aarch64-linux-gnu/11/../../../aarch64-linux-gnu/libc.a(memcpy.o) (__memcpy_a64fx)
/usr/lib/gcc/aarch64-linux-gnu/11/../../../aarch64-linux-gnu/libc.a(memset_generic.o)
                              /usr/lib/gcc/aarch64-linux-gnu/11/../../../aarch64-linux-gnu/libc.a(memset.o) (__memset_generic)
/usr/lib/gcc/aarch64-linux-gnu/11/../../../aarch64-linux-gnu/libc.a(memset_falkor.o)
                              /usr/lib/gcc/aarch64-linux-gnu/11/../../../aarch64-linux-gnu/libc.a(memset.o) (__memset_falkor)
/usr/lib/gcc/aarch64-linux-gnu/11/../../../aarch64-linux-gnu/libc.a(memset_emag.o)
                              /usr/lib/gcc/aarch64-linux-gnu/11/../../../aarch64-linux-gnu/libc.a(memset.o) (__memset_emag)
/usr/lib/gcc/aarch64-linux-gnu/11/../../../aarch64-linux-gnu/libc.a(memset_kunpeng.o)
                              /usr/lib/gcc/aarch64-linux-gnu/11/../../../aarch64-linux-gnu/libc.a(memset.o) (__memset_kunpeng)
/usr/lib/gcc/aarch64-linux-gnu/11/../../../aarch64-linux-gnu/libc.a(memset_a64fx.o)
                              /usr/lib/gcc/aarch64-linux-gnu/11/../../../aarch64-linux-gnu/libc.a(memset.o) (__memset_a64fx)
/usr/lib/gcc/aarch64-linux-gnu/11/../../../aarch64-linux-gnu/libc.a(strlen_mte.o)
                              /usr/lib/gcc/aarch64-linux-gnu/11/../../../aarch64-linux-gnu/libc.a(strlen.o) (__strlen_mte)
/usr/lib/gcc/aarch64-linux-gnu/11/../../../aarch64-linux-gnu/libc.a(strlen_asimd.o)
                              /usr/lib/gcc/aarch64-linux-gnu/11/../../../aarch64-linux-gnu/libc.a(strlen.o) (__strlen_asimd)
/usr/lib/gcc/aarch64-linux-gnu/11/../../../aarch64-linux-gnu/libc.a(wmempcpy.o)
                              /usr/lib/gcc/aarch64-linux-gnu/11/../../../aarch64-linux-gnu/libc.a(wfileops.o) (__wmempcpy)
/usr/lib/gcc/aarch64-linux-gnu/11/../../../aarch64-linux-gnu/libc.a(mbsrtowcs.o)
                              /usr/lib/gcc/aarch64-linux-gnu/11/../../../aarch64-linux-gnu/libc.a(fxprintf.o) (__mbsrtowcs)
/usr/lib/gcc/aarch64-linux-gnu/11/../../../aarch64-linux-gnu/libc.a(wcsmbsload.o)
                              /usr/lib/gcc/aarch64-linux-gnu/11/../../../aarch64-linux-gnu/libc.a(iofwide.o) (__wcsmbs_clone_conv)
/usr/lib/gcc/aarch64-linux-gnu/11/../../../aarch64-linux-gnu/libc.a(mbsrtowcs_l.o)
                              /usr/lib/gcc/aarch64-linux-gnu/11/../../../aarch64-linux-gnu/libc.a(mbsrtowcs.o) (__mbsrtowcs_l)
/usr/lib/gcc/aarch64-linux-gnu/11/../../../aarch64-linux-gnu/libc.a(clock_gettime.o)
                              /usr/lib/gcc/aarch64-linux-gnu/11/../../../aarch64-linux-gnu/libc.a(malloc.o) (__clock_gettime)
/usr/lib/gcc/aarch64-linux-gnu/11/../../../aarch64-linux-gnu/libc.a(_exit.o)
                              /usr/lib/gcc/aarch64-linux-gnu/11/../../../aarch64-linux-gnu/libc.a(abort.o) (_exit)
/usr/lib/gcc/aarch64-linux-gnu/11/../../../aarch64-linux-gnu/libc.a(getpid.o)
                              /usr/lib/gcc/aarch64-linux-gnu/11/../../../aarch64-linux-gnu/libc.a(pthread_kill.o) (__getpid)
/usr/lib/gcc/aarch64-linux-gnu/11/../../../aarch64-linux-gnu/libc.a(sysconf.o)
                              /usr/lib/gcc/aarch64-linux-gnu/11/../../../aarch64-linux-gnu/libc.a(msort.o) (__sysconf)
/usr/lib/gcc/aarch64-linux-gnu/11/../../../aarch64-linux-gnu/libc.a(sched_yield.o)
                              /usr/lib/gcc/aarch64-linux-gnu/11/../../../aarch64-linux-gnu/libc.a(genops.o) (__sched_yield)
/usr/lib/gcc/aarch64-linux-gnu/11/../../../aarch64-linux-gnu/libc.a(get_child_max.o)
                              /usr/lib/gcc/aarch64-linux-gnu/11/../../../aarch64-linux-gnu/libc.a(sysconf.o) (__get_child_max)
/usr/lib/gcc/aarch64-linux-gnu/11/../../../aarch64-linux-gnu/libc.a(environ.o)
                              /usr/lib/gcc/aarch64-linux-gnu/11/../../../aarch64-linux-gnu/libc.a(libc-start.o) (__environ)
/usr/lib/gcc/aarch64-linux-gnu/11/../../../aarch64-linux-gnu/libc.a(fstat64.o)
                              /usr/lib/gcc/aarch64-linux-gnu/11/../../../aarch64-linux-gnu/libc.a(check_fds.o) (__fstat64)
/usr/lib/gcc/aarch64-linux-gnu/11/../../../aarch64-linux-gnu/libc.a(fstatat64.o)
                              /usr/lib/gcc/aarch64-linux-gnu/11/../../../aarch64-linux-gnu/libc.a(fstat64.o) (__fstatat64)
/usr/lib/gcc/aarch64-linux-gnu/11/../../../aarch64-linux-gnu/libc.a(open64.o)
                              /usr/lib/gcc/aarch64-linux-gnu/11/../../../aarch64-linux-gnu/libc.a(fileops.o) (__open)
/usr/lib/gcc/aarch64-linux-gnu/11/../../../aarch64-linux-gnu/libc.a(read.o)
                              /usr/lib/gcc/aarch64-linux-gnu/11/../../../aarch64-linux-gnu/libc.a(fileops.o) (__read)
/usr/lib/gcc/aarch64-linux-gnu/11/../../../aarch64-linux-gnu/libc.a(write.o)
                              /usr/lib/gcc/aarch64-linux-gnu/11/../../../aarch64-linux-gnu/libc.a(assert.o) (__libc_write)
/usr/lib/gcc/aarch64-linux-gnu/11/../../../aarch64-linux-gnu/libc.a(lseek64.o)
                              /usr/lib/gcc/aarch64-linux-gnu/11/../../../aarch64-linux-gnu/libc.a(fileops.o) (__lseek64)
/usr/lib/gcc/aarch64-linux-gnu/11/../../../aarch64-linux-gnu/libc.a(getcwd.o)
                              /usr/lib/gcc/aarch64-linux-gnu/11/../../../aarch64-linux-gnu/libc.a(dcigettext.o) (__getcwd)
/usr/lib/gcc/aarch64-linux-gnu/11/../../../aarch64-linux-gnu/libc.a(close_nocancel.o)
                              /usr/lib/gcc/aarch64-linux-gnu/11/../../../aarch64-linux-gnu/libc.a(loadmsgcat.o) (__close_nocancel)
/usr/lib/gcc/aarch64-linux-gnu/11/../../../aarch64-linux-gnu/libc.a(fcntl_nocancel.o)
                              /usr/lib/gcc/aarch64-linux-gnu/11/../../../aarch64-linux-gnu/libc.a(check_fds.o) (__fcntl64_nocancel)
/usr/lib/gcc/aarch64-linux-gnu/11/../../../aarch64-linux-gnu/libc.a(open64_nocancel.o)
                              /usr/lib/gcc/aarch64-linux-gnu/11/../../../aarch64-linux-gnu/libc.a(check_fds.o) (__open_nocancel)
/usr/lib/gcc/aarch64-linux-gnu/11/../../../aarch64-linux-gnu/libc.a(read_nocancel.o)
                              /usr/lib/gcc/aarch64-linux-gnu/11/../../../aarch64-linux-gnu/libc.a(loadmsgcat.o) (__read_nocancel)
/usr/lib/gcc/aarch64-linux-gnu/11/../../../aarch64-linux-gnu/libc.a(write_nocancel.o)
                              /usr/lib/gcc/aarch64-linux-gnu/11/../../../aarch64-linux-gnu/libc.a(fileops.o) (__write_nocancel)
/usr/lib/gcc/aarch64-linux-gnu/11/../../../aarch64-linux-gnu/libc.a(getrlimit64.o)
                              /usr/lib/gcc/aarch64-linux-gnu/11/../../../aarch64-linux-gnu/libc.a(sysconf.o) (__getrlimit)
/usr/lib/gcc/aarch64-linux-gnu/11/../../../aarch64-linux-gnu/libc.a(brk.o)
                              /usr/lib/gcc/aarch64-linux-gnu/11/../../../aarch64-linux-gnu/libc.a(malloc.o) (__curbrk)
/usr/lib/gcc/aarch64-linux-gnu/11/../../../aarch64-linux-gnu/libc.a(sbrk.o)
                              /usr/lib/gcc/aarch64-linux-gnu/11/../../../aarch64-linux-gnu/libc.a(libc-tls.o) (__sbrk)
/usr/lib/gcc/aarch64-linux-gnu/11/../../../aarch64-linux-gnu/libc.a(getpagesize.o)
                              /usr/lib/gcc/aarch64-linux-gnu/11/../../../aarch64-linux-gnu/libc.a(fileops.o) (__getpagesize)
/usr/lib/gcc/aarch64-linux-gnu/11/../../../aarch64-linux-gnu/libc.a(getdtsz.o)
                              /usr/lib/gcc/aarch64-linux-gnu/11/../../../aarch64-linux-gnu/libc.a(sysconf.o) (__getdtablesize)
/usr/lib/gcc/aarch64-linux-gnu/11/../../../aarch64-linux-gnu/libc.a(mmap64.o)
                              /usr/lib/gcc/aarch64-linux-gnu/11/../../../aarch64-linux-gnu/libc.a(fileops.o) (__mmap64)
/usr/lib/gcc/aarch64-linux-gnu/11/../../../aarch64-linux-gnu/libc.a(munmap.o)
                              /usr/lib/gcc/aarch64-linux-gnu/11/../../../aarch64-linux-gnu/libc.a(assert.o) (__munmap)
/usr/lib/gcc/aarch64-linux-gnu/11/../../../aarch64-linux-gnu/libc.a(mprotect.o)
                              /usr/lib/gcc/aarch64-linux-gnu/11/../../../aarch64-linux-gnu/libc.a(malloc.o) (__mprotect)
/usr/lib/gcc/aarch64-linux-gnu/11/../../../aarch64-linux-gnu/libc.a(madvise.o)
                              /usr/lib/gcc/aarch64-linux-gnu/11/../../../aarch64-linux-gnu/libc.a(malloc.o) (__madvise)
/usr/lib/gcc/aarch64-linux-gnu/11/../../../aarch64-linux-gnu/libc.a(tsearch.o)
                              /usr/lib/gcc/aarch64-linux-gnu/11/../../../aarch64-linux-gnu/libc.a(dcigettext.o) (__tsearch)
/usr/lib/gcc/aarch64-linux-gnu/11/../../../aarch64-linux-gnu/libc.a(getsysstats.o)
                              /usr/lib/gcc/aarch64-linux-gnu/11/../../../aarch64-linux-gnu/libc.a(malloc.o) (__get_nprocs_sched)
/usr/lib/gcc/aarch64-linux-gnu/11/../../../aarch64-linux-gnu/libc.a(getclktck.o)
                              /usr/lib/gcc/aarch64-linux-gnu/11/../../../aarch64-linux-gnu/libc.a(sysconf.o) (__getclktck)
/usr/lib/gcc/aarch64-linux-gnu/11/../../../aarch64-linux-gnu/libc.a(init-misc.o)
                              /usr/lib/gcc/aarch64-linux-gnu/11/../../../aarch64-linux-gnu/libc.a(assert.o) (__progname)
/usr/lib/gcc/aarch64-linux-gnu/11/../../../aarch64-linux-gnu/libc.a(mremap.o)
                              /usr/lib/gcc/aarch64-linux-gnu/11/../../../aarch64-linux-gnu/libc.a(fileops.o) (__mremap)
/usr/lib/gcc/aarch64-linux-gnu/11/../../../aarch64-linux-gnu/libc.a(sysinfo.o)
                              /usr/lib/gcc/aarch64-linux-gnu/11/../../../aarch64-linux-gnu/libc.a(getsysstats.o) (__sysinfo)
/usr/lib/gcc/aarch64-linux-gnu/11/../../../aarch64-linux-gnu/libc.a(malloc-hugepages.o)
                              /usr/lib/gcc/aarch64-linux-gnu/11/../../../aarch64-linux-gnu/libc.a(malloc.o) (__malloc_default_thp_pagesize)
/usr/lib/gcc/aarch64-linux-gnu/11/../../../aarch64-linux-gnu/libc.a(stack_chk_fail.o)
                              /usr/lib/gcc/aarch64-linux-gnu/11/../../../aarch64-linux-gnu/libc.a(dcigettext.o) (__stack_chk_fail)
/usr/lib/gcc/aarch64-linux-gnu/11/../../../aarch64-linux-gnu/libc.a(fortify_fail.o)
                              /usr/lib/gcc/aarch64-linux-gnu/11/../../../aarch64-linux-gnu/libc.a(stack_chk_fail.o) (__fortify_fail)
/usr/lib/gcc/aarch64-linux-gnu/11/../../../aarch64-linux-gnu/libc.a(dl-debug.o)
                              /usr/lib/gcc/aarch64-linux-gnu/11/../../../aarch64-linux-gnu/libc.a(libc-start.o) (_dl_debug_initialize)
/usr/lib/gcc/aarch64-linux-gnu/11/../../../aarch64-linux-gnu/libc.a(dl-debug-symbols.o)
                              /usr/lib/gcc/aarch64-linux-gnu/11/../../../aarch64-linux-gnu/libc.a(dl-debug.o) (_r_debug_extended)
/usr/lib/gcc/aarch64-linux-gnu/11/../../../aarch64-linux-gnu/libc.a(dl-tls.o)
                              /usr/lib/gcc/aarch64-linux-gnu/11/../../../aarch64-linux-gnu/libc.a(libc-tls.o) (_dl_tls_static_surplus_init)
/usr/lib/gcc/aarch64-linux-gnu/11/../../../aarch64-linux-gnu/libc.a(dl-tls_init_tp.o)
                              /usr/lib/gcc/aarch64-linux-gnu/11/../../../aarch64-linux-gnu/libc.a(libc-tls.o) (__tls_pre_init_tp)
/usr/lib/gcc/aarch64-linux-gnu/11/../../../aarch64-linux-gnu/libc.a(dl-tunables.o)
                              /usr/lib/gcc/aarch64-linux-gnu/11/../../../aarch64-linux-gnu/libc.a(libc-start.o) (__tunables_init)
/usr/lib/gcc/aarch64-linux-gnu/11/../../../aarch64-linux-gnu/libc.a(dl-error.o)
                              /usr/lib/gcc/aarch64-linux-gnu/11/../../../aarch64-linux-gnu/libc.a(dl-tls.o) (_dl_signal_error)
/usr/lib/gcc/aarch64-linux-gnu/11/../../../aarch64-linux-gnu/libc.a(dl-profstub.o)
                              /usr/lib/gcc/aarch64-linux-gnu/11/../../../aarch64-linux-gnu/libc.a(iofwide.o) (_dl_mcount_wrapper_check)
/usr/lib/gcc/aarch64-linux-gnu/11/../../../aarch64-linux-gnu/libc.a(dl-support.o)
                              /usr/lib/gcc/aarch64-linux-gnu/11/../../../aarch64-linux-gnu/libc.a(libc-start.o) (_dl_aux_init)
/usr/lib/gcc/aarch64-linux-gnu/11/../../../aarch64-linux-gnu/libc.a(dl-sysdep.o)
                              /usr/lib/gcc/aarch64-linux-gnu/11/../../../aarch64-linux-gnu/libc.a(libc-start.o) (_dl_discover_osversion)
/usr/lib/gcc/aarch64-linux-gnu/11/../../../aarch64-linux-gnu/libc.a(enbl-secure.o)
                              /usr/lib/gcc/aarch64-linux-gnu/11/../../../aarch64-linux-gnu/libc.a(libc-start.o) (__libc_init_secure)
/usr/lib/gcc/aarch64-linux-gnu/11/../../../aarch64-linux-gnu/libc.a(libc_early_init.o)
                              /usr/lib/gcc/aarch64-linux-gnu/11/../../../aarch64-linux-gnu/libc.a(libc-start.o) (__libc_early_init)
/usr/lib/gcc/aarch64-linux-gnu/11/../../../aarch64-linux-gnu/libc.a(init-first.o)
                              /usr/lib/gcc/aarch64-linux-gnu/11/../../../aarch64-linux-gnu/libc.a(libc-start.o) (__libc_init_first)
/usr/lib/gcc/aarch64-linux-gnu/11/../../../aarch64-linux-gnu/libc.a(sysdep.o)
                              /usr/lib/gcc/aarch64-linux-gnu/11/../../../aarch64-linux-gnu/libc.a(sched_yield.o) (__syscall_error)
/usr/lib/gcc/aarch64-linux-gnu/11/../../../aarch64-linux-gnu/libc.a(gconv_open.o)
                              /usr/lib/gcc/aarch64-linux-gnu/11/../../../aarch64-linux-gnu/libc.a(dcigettext.o) (__gconv_open)
/usr/lib/gcc/aarch64-linux-gnu/11/../../../aarch64-linux-gnu/libc.a(gconv.o)
                              /usr/lib/gcc/aarch64-linux-gnu/11/../../../aarch64-linux-gnu/libc.a(dcigettext.o) (__gconv)
/usr/lib/gcc/aarch64-linux-gnu/11/../../../aarch64-linux-gnu/libc.a(gconv_close.o)
                              /usr/lib/gcc/aarch64-linux-gnu/11/../../../aarch64-linux-gnu/libc.a(loadmsgcat.o) (__gconv_close)
/usr/lib/gcc/aarch64-linux-gnu/11/../../../aarch64-linux-gnu/libc.a(gconv_db.o)
                              /usr/lib/gcc/aarch64-linux-gnu/11/../../../aarch64-linux-gnu/libc.a(iofclose.o) (__gconv_release_step)
/usr/lib/gcc/aarch64-linux-gnu/11/../../../aarch64-linux-gnu/libc.a(gconv_conf.o)
                              /usr/lib/gcc/aarch64-linux-gnu/11/../../../aarch64-linux-gnu/libc.a(gconv_db.o) (__gconv_load_conf)
/usr/lib/gcc/aarch64-linux-gnu/11/../../../aarch64-linux-gnu/libc.a(gconv_builtin.o)
                              /usr/lib/gcc/aarch64-linux-gnu/11/../../../aarch64-linux-gnu/libc.a(gconv_db.o) (__gconv_get_builtin_trans)
/usr/lib/gcc/aarch64-linux-gnu/11/../../../aarch64-linux-gnu/libc.a(gconv_simple.o)
                              /usr/lib/gcc/aarch64-linux-gnu/11/../../../aarch64-linux-gnu/libc.a(wcsmbsload.o) (__gconv_btwoc_ascii)
/usr/lib/gcc/aarch64-linux-gnu/11/../../../aarch64-linux-gnu/libc.a(gconv_trans.o)
                              /usr/lib/gcc/aarch64-linux-gnu/11/../../../aarch64-linux-gnu/libc.a(gconv_simple.o) (__gconv_transliterate)
/usr/lib/gcc/aarch64-linux-gnu/11/../../../aarch64-linux-gnu/libc.a(gconv_cache.o)
                              /usr/lib/gcc/aarch64-linux-gnu/11/../../../aarch64-linux-gnu/libc.a(gconv_conf.o) (__gconv_load_cache)
/usr/lib/gcc/aarch64-linux-gnu/11/../../../aarch64-linux-gnu/libc.a(gconv_dl.o)
                              /usr/lib/gcc/aarch64-linux-gnu/11/../../../aarch64-linux-gnu/libc.a(gconv_db.o) (__gconv_find_shlib)
/usr/lib/gcc/aarch64-linux-gnu/11/../../../aarch64-linux-gnu/libc.a(gconv_charset.o)
                              /usr/lib/gcc/aarch64-linux-gnu/11/../../../aarch64-linux-gnu/libc.a(dcigettext.o) (__gconv_create_spec)
/usr/lib/gcc/aarch64-linux-gnu/11/../../../aarch64-linux-gnu/libc.a(setlocale.o)
                              /usr/lib/gcc/aarch64-linux-gnu/11/../../../aarch64-linux-gnu/libc.a(gconv_db.o) (_nl_locale_subfreeres)
/usr/lib/gcc/aarch64-linux-gnu/11/../../../aarch64-linux-gnu/libc.a(findlocale.o)
                              /usr/lib/gcc/aarch64-linux-gnu/11/../../../aarch64-linux-gnu/libc.a(setlocale.o) (_nl_find_locale)
/usr/lib/gcc/aarch64-linux-gnu/11/../../../aarch64-linux-gnu/libc.a(loadlocale.o)
                              /usr/lib/gcc/aarch64-linux-gnu/11/../../../aarch64-linux-gnu/libc.a(findlocale.o) (_nl_load_locale)
/usr/lib/gcc/aarch64-linux-gnu/11/../../../aarch64-linux-gnu/libc.a(loadarchive.o)
                              /usr/lib/gcc/aarch64-linux-gnu/11/../../../aarch64-linux-gnu/libc.a(findlocale.o) (_nl_load_locale_from_archive)
/usr/lib/gcc/aarch64-linux-gnu/11/../../../aarch64-linux-gnu/libc.a(lc-ctype.o)
                              /usr/lib/gcc/aarch64-linux-gnu/11/../../../aarch64-linux-gnu/libc.a(dcigettext.o) (_nl_current_LC_CTYPE)
/usr/lib/gcc/aarch64-linux-gnu/11/../../../aarch64-linux-gnu/libc.a(C-ctype.o)
                              /usr/lib/gcc/aarch64-linux-gnu/11/../../../aarch64-linux-gnu/libc.a(wcsmbsload.o) (_nl_C_LC_CTYPE)
/usr/lib/gcc/aarch64-linux-gnu/11/../../../aarch64-linux-gnu/libc.a(SYS_libc.o)
                              /usr/lib/gcc/aarch64-linux-gnu/11/../../../aarch64-linux-gnu/libc.a(assert.o) (_libc_intl_domainname)
/usr/lib/gcc/aarch64-linux-gnu/11/../../../aarch64-linux-gnu/libc.a(C_name.o)
                              /usr/lib/gcc/aarch64-linux-gnu/11/../../../aarch64-linux-gnu/libc.a(C-ctype.o) (_nl_C_codeset)
/usr/lib/gcc/aarch64-linux-gnu/11/../../../aarch64-linux-gnu/libc.a(xlocale.o)
                              /usr/lib/gcc/aarch64-linux-gnu/11/../../../aarch64-linux-gnu/libc.a(localealias.o) (_nl_C_locobj)
/usr/lib/gcc/aarch64-linux-gnu/11/../../../aarch64-linux-gnu/libc.a(localename.o)
                              /usr/lib/gcc/aarch64-linux-gnu/11/../../../aarch64-linux-gnu/libc.a(dcigettext.o) (__current_locale_name)
/usr/lib/gcc/aarch64-linux-gnu/11/../../../aarch64-linux-gnu/libc.a(global-locale.o)
                              /usr/lib/gcc/aarch64-linux-gnu/11/../../../aarch64-linux-gnu/libc.a(setlocale.o) (_nl_global_locale)
/usr/lib/gcc/aarch64-linux-gnu/11/../../../aarch64-linux-gnu/libc.a(ctype-info.o)
                              /usr/lib/gcc/aarch64-linux-gnu/11/../../../aarch64-linux-gnu/libc.a(libc_early_init.o) (__ctype_init)
/usr/lib/gcc/aarch64-linux-gnu/11/../../../aarch64-linux-gnu/libc.a(__longjmp.o)
                              /usr/lib/gcc/aarch64-linux-gnu/11/../../../aarch64-linux-gnu/libc.a(dl-error.o) (__longjmp)
/usr/lib/gcc/aarch64-linux-gnu/11/../../../aarch64-linux-gnu/libc.a(sigaction.o)
                              /usr/lib/gcc/aarch64-linux-gnu/11/../../../aarch64-linux-gnu/libc.a(abort.o) (__sigaction)
/usr/lib/gcc/aarch64-linux-gnu/11/../../../aarch64-linux-gnu/libc.a(libc_sigaction.o)
                              /usr/lib/gcc/aarch64-linux-gnu/11/../../../aarch64-linux-gnu/libc.a(sigaction.o) (__libc_sigaction)
/usr/lib/gcc/aarch64-linux-gnu/11/../../../aarch64-linux-gnu/libc.a(qsort.o)
                              /usr/lib/gcc/aarch64-linux-gnu/11/../../../aarch64-linux-gnu/libc.a(msort.o) (_quicksort)
/usr/lib/gcc/aarch64-linux-gnu/11/../../../aarch64-linux-gnu/libc.a(setenv.o)
                              /usr/lib/gcc/aarch64-linux-gnu/11/../../../aarch64-linux-gnu/libc.a(dl-support.o) (__unsetenv)
/usr/lib/gcc/aarch64-linux-gnu/11/../../../aarch64-linux-gnu/libc.a(getrandom.o)
                              /usr/lib/gcc/aarch64-linux-gnu/11/../../../aarch64-linux-gnu/libc.a(malloc.o) (__getrandom)
/usr/lib/gcc/aarch64-linux-gnu/11/../../../aarch64-linux-gnu/libc.a(strtol.o)
                              /usr/lib/gcc/aarch64-linux-gnu/11/../../../aarch64-linux-gnu/libc.a(sysconf.o) (strtol)
/usr/lib/gcc/aarch64-linux-gnu/11/../../../aarch64-linux-gnu/libc.a(strtol_l.o)
                              /usr/lib/gcc/aarch64-linux-gnu/11/../../../aarch64-linux-gnu/libc.a(strtol.o) (____strtol_l_internal)
/usr/lib/gcc/aarch64-linux-gnu/11/../../../aarch64-linux-gnu/libc.a(fprintf.o)
                              /usr/lib/gcc/aarch64-linux-gnu/11/../../../aarch64-linux-gnu/libc.a(malloc.o) (fprintf)
/usr/lib/gcc/aarch64-linux-gnu/11/../../../aarch64-linux-gnu/libc.a(vfprintf-internal.o)
                              /usr/lib/gcc/aarch64-linux-gnu/11/../../../aarch64-linux-gnu/libc.a(fxprintf.o) (__vfprintf_internal)
/usr/lib/gcc/aarch64-linux-gnu/11/../../../aarch64-linux-gnu/libc.a(vfwprintf-internal.o)
                              /usr/lib/gcc/aarch64-linux-gnu/11/../../../aarch64-linux-gnu/libc.a(fxprintf.o) (__vfwprintf_internal)
/usr/lib/gcc/aarch64-linux-gnu/11/../../../aarch64-linux-gnu/libc.a(errlist.o)
                              /usr/lib/gcc/aarch64-linux-gnu/11/../../../aarch64-linux-gnu/libc.a(vfprintf-internal.o) (__get_errname)
/usr/lib/gcc/aarch64-linux-gnu/11/../../../aarch64-linux-gnu/libc.a(printf-parsemb.o)
                              /usr/lib/gcc/aarch64-linux-gnu/11/../../../aarch64-linux-gnu/libc.a(vfprintf-internal.o) (__parse_one_specmb)
/usr/lib/gcc/aarch64-linux-gnu/11/../../../aarch64-linux-gnu/libc.a(printf-parsewc.o)
                              /usr/lib/gcc/aarch64-linux-gnu/11/../../../aarch64-linux-gnu/libc.a(vfwprintf-internal.o) (__parse_one_specwc)
/usr/lib/gcc/aarch64-linux-gnu/11/../../../aarch64-linux-gnu/libc.a(filedoalloc.o)
                              /usr/lib/gcc/aarch64-linux-gnu/11/../../../aarch64-linux-gnu/libc.a(fileops.o) (_IO_file_doallocate)
/usr/lib/gcc/aarch64-linux-gnu/11/../../../aarch64-linux-gnu/libc.a(iofputs.o)
                              /usr/lib/gcc/aarch64-linux-gnu/11/../../../aarch64-linux-gnu/libc.a(malloc.o) (_IO_fputs)
/usr/lib/gcc/aarch64-linux-gnu/11/../../../aarch64-linux-gnu/libc.a(wfiledoalloc.o)
                              /usr/lib/gcc/aarch64-linux-gnu/11/../../../aarch64-linux-gnu/libc.a(wfileops.o) (_IO_wfile_doallocate)
/usr/lib/gcc/aarch64-linux-gnu/11/../../../aarch64-linux-gnu/libc.a(iofwrite.o)
                              /usr/lib/gcc/aarch64-linux-gnu/11/../../../aarch64-linux-gnu/libc.a(malloc.o) (fwrite)
/usr/lib/gcc/aarch64-linux-gnu/11/../../../aarch64-linux-gnu/libc.a(iogetdelim.o)
                              /usr/lib/gcc/aarch64-linux-gnu/11/../../../aarch64-linux-gnu/libc.a(gconv_conf.o) (__getdelim)
/usr/lib/gcc/aarch64-linux-gnu/11/../../../aarch64-linux-gnu/libc.a(iogetline.o)
                              /usr/lib/gcc/aarch64-linux-gnu/11/../../../aarch64-linux-gnu/libc.a(iofgets_u.o) (_IO_getline)
/usr/lib/gcc/aarch64-linux-gnu/11/../../../aarch64-linux-gnu/libc.a(iopadn.o)
                              /usr/lib/gcc/aarch64-linux-gnu/11/../../../aarch64-linux-gnu/libc.a(vfprintf-internal.o) (_IO_padn)
/usr/lib/gcc/aarch64-linux-gnu/11/../../../aarch64-linux-gnu/libc.a(iowpadn.o)
                              /usr/lib/gcc/aarch64-linux-gnu/11/../../../aarch64-linux-gnu/libc.a(vfwprintf-internal.o) (_IO_wpadn)
/usr/lib/gcc/aarch64-linux-gnu/11/../../../aarch64-linux-gnu/libc.a(wgenops.o)
                              /usr/lib/gcc/aarch64-linux-gnu/11/../../../aarch64-linux-gnu/libc.a(fileops.o) (_IO_wsetb)
/usr/lib/gcc/aarch64-linux-gnu/11/../../../aarch64-linux-gnu/libc.a(cancellation.o)
                              /usr/lib/gcc/aarch64-linux-gnu/11/../../../aarch64-linux-gnu/libc.a(open64.o) (__pthread_enable_asynccancel)
/usr/lib/gcc/aarch64-linux-gnu/11/../../../aarch64-linux-gnu/libc.a(futex-internal.o)
                              /usr/lib/gcc/aarch64-linux-gnu/11/../../../aarch64-linux-gnu/libc.a(pthread_rwlock_rdlock.o) (__futex_abstimed_wait64)
/usr/lib/gcc/aarch64-linux-gnu/11/../../../aarch64-linux-gnu/libc.a(pthread_mutex_conf.o)
                              /usr/lib/gcc/aarch64-linux-gnu/11/../../../aarch64-linux-gnu/libc.a(libc_early_init.o) (__pthread_tunables_init)
/usr/lib/gcc/aarch64-linux-gnu/11/../../../aarch64-linux-gnu/libc.a(pthread_mutex_lock.o)
                              /usr/lib/gcc/aarch64-linux-gnu/11/../../../aarch64-linux-gnu/libc.a(dl-tls.o) (__pthread_mutex_lock)
/usr/lib/gcc/aarch64-linux-gnu/11/../../../aarch64-linux-gnu/libc.a(pthread_mutex_unlock.o)
                              /usr/lib/gcc/aarch64-linux-gnu/11/../../../aarch64-linux-gnu/libc.a(dl-tls.o) (__pthread_mutex_unlock)
/usr/lib/gcc/aarch64-linux-gnu/11/../../../aarch64-linux-gnu/libc.a(pthread_once.o)
                              /usr/lib/gcc/aarch64-linux-gnu/11/../../../aarch64-linux-gnu/libc.a(gconv_conf.o) (__pthread_once)
/usr/lib/gcc/aarch64-linux-gnu/11/../../../aarch64-linux-gnu/libc.a(tpp.o)
                              /usr/lib/gcc/aarch64-linux-gnu/11/../../../aarch64-linux-gnu/libc.a(pthread_mutex_lock.o) (__pthread_tpp_change_priority)
/usr/lib/gcc/aarch64-linux-gnu/11/../../../aarch64-linux-gnu/libc.a(vars.o)
                              /usr/lib/gcc/aarch64-linux-gnu/11/../../../aarch64-linux-gnu/libc.a(libc_early_init.o) (__default_pthread_attr)
/usr/lib/gcc/aarch64-linux-gnu/11/../../../aarch64-linux-gnu/libc.a(scratch_buffer_grow_preserve.o)
                              /usr/lib/gcc/aarch64-linux-gnu/11/../../../aarch64-linux-gnu/libc.a(vfprintf-internal.o) (__libc_scratch_buffer_grow_preserve)
/usr/lib/gcc/aarch64-linux-gnu/11/../../../aarch64-linux-gnu/libc.a(scratch_buffer_set_array_size.o)
                              /usr/lib/gcc/aarch64-linux-gnu/11/../../../aarch64-linux-gnu/libc.a(vfprintf-internal.o) (__libc_scratch_buffer_set_array_size)
/usr/lib/gcc/aarch64-linux-gnu/11/../../../aarch64-linux-gnu/libc.a(strndup.o)
                              /usr/lib/gcc/aarch64-linux-gnu/11/../../../aarch64-linux-gnu/libc.a(findlocale.o) (__strndup)
/usr/lib/gcc/aarch64-linux-gnu/11/../../../aarch64-linux-gnu/libc.a(_strerror.o)
                              /usr/lib/gcc/aarch64-linux-gnu/11/../../../aarch64-linux-gnu/libc.a(dl-error.o) (__strerror_r)
/usr/lib/gcc/aarch64-linux-gnu/11/../../../aarch64-linux-gnu/libc.a(strnlen.o)
                              /usr/lib/gcc/aarch64-linux-gnu/11/../../../aarch64-linux-gnu/libc.a(strstr.o) (__strnlen)
/usr/lib/gcc/aarch64-linux-gnu/11/../../../aarch64-linux-gnu/libc.a(strrchr.o)
                              /usr/lib/gcc/aarch64-linux-gnu/11/../../../aarch64-linux-gnu/libc.a(init-misc.o) (strrchr)
/usr/lib/gcc/aarch64-linux-gnu/11/../../../aarch64-linux-gnu/libc.a(strtok_r.o)
                              /usr/lib/gcc/aarch64-linux-gnu/11/../../../aarch64-linux-gnu/libc.a(gconv_conf.o) (__strtok_r)
/usr/lib/gcc/aarch64-linux-gnu/11/../../../aarch64-linux-gnu/libc.a(memchr.o)
                              /usr/lib/gcc/aarch64-linux-gnu/11/../../../aarch64-linux-gnu/libc.a(rawmemchr.o) (__memchr)
/usr/lib/gcc/aarch64-linux-gnu/11/../../../aarch64-linux-gnu/libc.a(memmem.o)
                              /usr/lib/gcc/aarch64-linux-gnu/11/../../../aarch64-linux-gnu/libc.a(findlocale.o) (__memmem)
/usr/lib/gcc/aarch64-linux-gnu/11/../../../aarch64-linux-gnu/libc.a(argz-ctsep.o)
                              /usr/lib/gcc/aarch64-linux-gnu/11/../../../aarch64-linux-gnu/libc.a(setlocale.o) (__argz_create_sep)
/usr/lib/gcc/aarch64-linux-gnu/11/../../../aarch64-linux-gnu/libc.a(argz-addsep.o)
                              /usr/lib/gcc/aarch64-linux-gnu/11/../../../aarch64-linux-gnu/libc.a(setlocale.o) (__argz_add_sep)
/usr/lib/gcc/aarch64-linux-gnu/11/../../../aarch64-linux-gnu/libc.a(memchr_generic.o)
                              /usr/lib/gcc/aarch64-linux-gnu/11/../../../aarch64-linux-gnu/libc.a(memchr.o) (__memchr_generic)
/usr/lib/gcc/aarch64-linux-gnu/11/../../../aarch64-linux-gnu/libc.a(memchr_nosimd.o)
                              /usr/lib/gcc/aarch64-linux-gnu/11/../../../aarch64-linux-gnu/libc.a(memchr.o) (__memchr_nosimd)
/usr/lib/gcc/aarch64-linux-gnu/11/../../../aarch64-linux-gnu/libc.a(wcslen.o)
                              /usr/lib/gcc/aarch64-linux-gnu/11/../../../aarch64-linux-gnu/libc.a(vfwprintf-internal.o) (__wcslen)
/usr/lib/gcc/aarch64-linux-gnu/11/../../../aarch64-linux-gnu/libc.a(wmemcpy.o)
                              /usr/lib/gcc/aarch64-linux-gnu/11/../../../aarch64-linux-gnu/libc.a(wgenops.o) (__wmemcpy)
/usr/lib/gcc/aarch64-linux-gnu/11/../../../aarch64-linux-gnu/libc.a(wmemmove.o)
                              /usr/lib/gcc/aarch64-linux-gnu/11/../../../aarch64-linux-gnu/libc.a(vfwprintf-internal.o) (__wmemmove)
/usr/lib/gcc/aarch64-linux-gnu/11/../../../aarch64-linux-gnu/libc.a(btowc.o)
                              /usr/lib/gcc/aarch64-linux-gnu/11/../../../aarch64-linux-gnu/libc.a(vfwprintf-internal.o) (__btowc)
/usr/lib/gcc/aarch64-linux-gnu/11/../../../aarch64-linux-gnu/libc.a(wcrtomb.o)
                              /usr/lib/gcc/aarch64-linux-gnu/11/../../../aarch64-linux-gnu/libc.a(vfprintf-internal.o) (__wcrtomb)
/usr/lib/gcc/aarch64-linux-gnu/11/../../../aarch64-linux-gnu/libc.a(wcsrtombs.o)
                              /usr/lib/gcc/aarch64-linux-gnu/11/../../../aarch64-linux-gnu/libc.a(vfprintf-internal.o) (__wcsrtombs)
/usr/lib/gcc/aarch64-linux-gnu/11/../../../aarch64-linux-gnu/libc.a(wcsnlen.o)
                              /usr/lib/gcc/aarch64-linux-gnu/11/../../../aarch64-linux-gnu/libc.a(vfwprintf-internal.o) (__wcsnlen)
/usr/lib/gcc/aarch64-linux-gnu/11/../../../aarch64-linux-gnu/libc.a(wcschrnul.o)
                              /usr/lib/gcc/aarch64-linux-gnu/11/../../../aarch64-linux-gnu/libc.a(vfwprintf-internal.o) (__wcschrnul)
/usr/lib/gcc/aarch64-linux-gnu/11/../../../aarch64-linux-gnu/libc.a(opendir.o)
                              /usr/lib/gcc/aarch64-linux-gnu/11/../../../aarch64-linux-gnu/libc.a(getsysstats.o) (__opendir)
/usr/lib/gcc/aarch64-linux-gnu/11/../../../aarch64-linux-gnu/libc.a(closedir.o)
                              /usr/lib/gcc/aarch64-linux-gnu/11/../../../aarch64-linux-gnu/libc.a(getcwd.o) (__closedir)
/usr/lib/gcc/aarch64-linux-gnu/11/../../../aarch64-linux-gnu/libc.a(rewinddir.o)
                              /usr/lib/gcc/aarch64-linux-gnu/11/../../../aarch64-linux-gnu/libc.a(getcwd.o) (__rewinddir)
/usr/lib/gcc/aarch64-linux-gnu/11/../../../aarch64-linux-gnu/libc.a(getdents64.o)
                              /usr/lib/gcc/aarch64-linux-gnu/11/../../../aarch64-linux-gnu/libc.a(malloc-hugepages.o) (__getdents64)
/usr/lib/gcc/aarch64-linux-gnu/11/../../../aarch64-linux-gnu/libc.a(readdir64.o)
                              /usr/lib/gcc/aarch64-linux-gnu/11/../../../aarch64-linux-gnu/libc.a(getcwd.o) (__readdir64)
/usr/lib/gcc/aarch64-linux-gnu/11/../../../aarch64-linux-gnu/libc.a(fdopendir.o)
                              /usr/lib/gcc/aarch64-linux-gnu/11/../../../aarch64-linux-gnu/libc.a(getcwd.o) (__fdopendir)
/usr/lib/gcc/aarch64-linux-gnu/11/../../../aarch64-linux-gnu/libc.a(uname.o)
                              /usr/lib/gcc/aarch64-linux-gnu/11/../../../aarch64-linux-gnu/libc.a(dl-sysdep.o) (__uname)
/usr/lib/gcc/aarch64-linux-gnu/11/../../../aarch64-linux-gnu/libc.a(getuid.o)
                              /usr/lib/gcc/aarch64-linux-gnu/11/../../../aarch64-linux-gnu/libc.a(enbl-secure.o) (__getuid)
/usr/lib/gcc/aarch64-linux-gnu/11/../../../aarch64-linux-gnu/libc.a(geteuid.o)
                              /usr/lib/gcc/aarch64-linux-gnu/11/../../../aarch64-linux-gnu/libc.a(enbl-secure.o) (__geteuid)
/usr/lib/gcc/aarch64-linux-gnu/11/../../../aarch64-linux-gnu/libc.a(getgid.o)
                              /usr/lib/gcc/aarch64-linux-gnu/11/../../../aarch64-linux-gnu/libc.a(enbl-secure.o) (__getgid)
/usr/lib/gcc/aarch64-linux-gnu/11/../../../aarch64-linux-gnu/libc.a(getegid.o)
                              /usr/lib/gcc/aarch64-linux-gnu/11/../../../aarch64-linux-gnu/libc.a(enbl-secure.o) (__getegid)
/usr/lib/gcc/aarch64-linux-gnu/11/../../../aarch64-linux-gnu/libc.a(sched_getp.o)
                              /usr/lib/gcc/aarch64-linux-gnu/11/../../../aarch64-linux-gnu/libc.a(tpp.o) (__sched_getparam)
/usr/lib/gcc/aarch64-linux-gnu/11/../../../aarch64-linux-gnu/libc.a(sched_sets.o)
                              /usr/lib/gcc/aarch64-linux-gnu/11/../../../aarch64-linux-gnu/libc.a(tpp.o) (__sched_setscheduler)
/usr/lib/gcc/aarch64-linux-gnu/11/../../../aarch64-linux-gnu/libc.a(sched_gets.o)
                              /usr/lib/gcc/aarch64-linux-gnu/11/../../../aarch64-linux-gnu/libc.a(tpp.o) (__sched_getscheduler)
/usr/lib/gcc/aarch64-linux-gnu/11/../../../aarch64-linux-gnu/libc.a(sched_primax.o)
                              /usr/lib/gcc/aarch64-linux-gnu/11/../../../aarch64-linux-gnu/libc.a(tpp.o) (__sched_get_priority_max)
/usr/lib/gcc/aarch64-linux-gnu/11/../../../aarch64-linux-gnu/libc.a(sched_primin.o)
                              /usr/lib/gcc/aarch64-linux-gnu/11/../../../aarch64-linux-gnu/libc.a(tpp.o) (__sched_get_priority_min)
/usr/lib/gcc/aarch64-linux-gnu/11/../../../aarch64-linux-gnu/libc.a(sched_cpucount.o)
                              /usr/lib/gcc/aarch64-linux-gnu/11/../../../aarch64-linux-gnu/libc.a(getsysstats.o) (__sched_cpucount)
/usr/lib/gcc/aarch64-linux-gnu/11/../../../aarch64-linux-gnu/libc.a(lstat64.o)
                              /usr/lib/gcc/aarch64-linux-gnu/11/../../../aarch64-linux-gnu/libc.a(getcwd.o) (__lstat64)
/usr/lib/gcc/aarch64-linux-gnu/11/../../../aarch64-linux-gnu/libc.a(openat64.o)
                              /usr/lib/gcc/aarch64-linux-gnu/11/../../../aarch64-linux-gnu/libc.a(getcwd.o) (__openat64)
/usr/lib/gcc/aarch64-linux-gnu/11/../../../aarch64-linux-gnu/libc.a(isatty.o)
                              /usr/lib/gcc/aarch64-linux-gnu/11/../../../aarch64-linux-gnu/libc.a(filedoalloc.o) (__isatty)
/usr/lib/gcc/aarch64-linux-gnu/11/../../../aarch64-linux-gnu/libc.a(openat64_nocancel.o)
                              /usr/lib/gcc/aarch64-linux-gnu/11/../../../aarch64-linux-gnu/libc.a(opendir.o) (__openat_nocancel)
/usr/lib/gcc/aarch64-linux-gnu/11/../../../aarch64-linux-gnu/libc.a(pread64_nocancel.o)
                              /usr/lib/gcc/aarch64-linux-gnu/11/../../../aarch64-linux-gnu/libc.a(malloc-hugepages.o) (__pread64_nocancel)
/usr/lib/gcc/aarch64-linux-gnu/11/../../../aarch64-linux-gnu/libc.a(tcgetattr.o)
                              /usr/lib/gcc/aarch64-linux-gnu/11/../../../aarch64-linux-gnu/libc.a(isatty.o) (__tcgetattr)
/usr/lib/gcc/aarch64-linux-gnu/11/../../../aarch64-linux-gnu/libc.a(single_threaded.o)
                              /usr/lib/gcc/aarch64-linux-gnu/11/../../../aarch64-linux-gnu/libc.a(libc_early_init.o) (__libc_single_threaded)
/usr/lib/gcc/aarch64-linux-gnu/11/../../../aarch64-linux-gnu/libc.a(wctrans.o)
                              /usr/lib/gcc/aarch64-linux-gnu/11/../../../aarch64-linux-gnu/libc.a(vfprintf-internal.o) (__wctrans)
/usr/lib/gcc/aarch64-linux-gnu/11/../../../aarch64-linux-gnu/libc.a(towctrans.o)
                              /usr/lib/gcc/aarch64-linux-gnu/11/../../../aarch64-linux-gnu/libc.a(vfprintf-internal.o) (__towctrans)
/usr/lib/gcc/aarch64-linux-gnu/11/../../../aarch64-linux-gnu/libc.a(readonly-area.o)
                              /usr/lib/gcc/aarch64-linux-gnu/11/../../../aarch64-linux-gnu/libc.a(vfprintf-internal.o) (__readonly_area)
/usr/lib/gcc/aarch64-linux-gnu/11/../../../aarch64-linux-gnu/libc.a(dl-exception.o)
                              /usr/lib/gcc/aarch64-linux-gnu/11/../../../aarch64-linux-gnu/libc.a(dl-error.o) (_dl_exception_create)
/usr/lib/gcc/aarch64-linux-gnu/11/../../../aarch64-linux-gnu/libc.a(dl-load.o)
                              /usr/lib/gcc/aarch64-linux-gnu/11/../../../aarch64-linux-gnu/libc.a(dl-support.o) (_dl_init_paths)
/usr/lib/gcc/aarch64-linux-gnu/11/../../../aarch64-linux-gnu/libc.a(dl-lookup.o)
                              /usr/lib/gcc/aarch64-linux-gnu/11/../../../aarch64-linux-gnu/libc.a(dl-support.o) (_dl_lookup_symbol_x)
/usr/lib/gcc/aarch64-linux-gnu/11/../../../aarch64-linux-gnu/libc.a(dl-minimal-malloc.o)
                              /usr/lib/gcc/aarch64-linux-gnu/11/../../../aarch64-linux-gnu/libc.a(dl-tunables.o) (__minimal_malloc)
/usr/lib/gcc/aarch64-linux-gnu/11/../../../aarch64-linux-gnu/libc.a(dl-misc.o)
                              /usr/lib/gcc/aarch64-linux-gnu/11/../../../aarch64-linux-gnu/libc.a(dl-load.o) (_dl_name_match_p)
/usr/lib/gcc/aarch64-linux-gnu/11/../../../aarch64-linux-gnu/libc.a(dl-object.o)
                              /usr/lib/gcc/aarch64-linux-gnu/11/../../../aarch64-linux-gnu/libc.a(dl-support.o) (_dl_add_to_namespace_list)
/usr/lib/gcc/aarch64-linux-gnu/11/../../../aarch64-linux-gnu/libc.a(dl-origin.o)
                              /usr/lib/gcc/aarch64-linux-gnu/11/../../../aarch64-linux-gnu/libc.a(dl-support.o) (_dl_get_origin)
/usr/lib/gcc/aarch64-linux-gnu/11/../../../aarch64-linux-gnu/libc.a(dl-printf.o)
                              /usr/lib/gcc/aarch64-linux-gnu/11/../../../aarch64-linux-gnu/libc.a(dl-support.o) (_dl_debug_printf)
/usr/lib/gcc/aarch64-linux-gnu/11/../../../aarch64-linux-gnu/libc.a(dl-profile.o)
                              /usr/lib/gcc/aarch64-linux-gnu/11/../../../aarch64-linux-gnu/libc.a(dl-profstub.o) (_dl_mcount)
/usr/lib/gcc/aarch64-linux-gnu/11/../../../aarch64-linux-gnu/libc.a(dl-reloc.o)
                              /usr/lib/gcc/aarch64-linux-gnu/11/../../../aarch64-linux-gnu/libc.a(dl-support.o) (_dl_protect_relro)
/usr/lib/gcc/aarch64-linux-gnu/11/../../../aarch64-linux-gnu/libc.a(dl-scope.o)
                              /usr/lib/gcc/aarch64-linux-gnu/11/../../../aarch64-linux-gnu/libc.a(dl-lookup.o) (_dl_scope_free)
/usr/lib/gcc/aarch64-linux-gnu/11/../../../aarch64-linux-gnu/libc.a(dl-setup_hash.o)
                              /usr/lib/gcc/aarch64-linux-gnu/11/../../../aarch64-linux-gnu/libc.a(dl-support.o) (_dl_setup_hash)
/usr/lib/gcc/aarch64-linux-gnu/11/../../../aarch64-linux-gnu/libc.a(dl-thread_gscope_wait.o)
                              /usr/lib/gcc/aarch64-linux-gnu/11/../../../aarch64-linux-gnu/libc.a(dl-scope.o) (__thread_gscope_wait)
/usr/lib/gcc/aarch64-linux-gnu/11/../../../aarch64-linux-gnu/libc.a(dl-trampoline.o)
                              /usr/lib/gcc/aarch64-linux-gnu/11/../../../aarch64-linux-gnu/libc.a(dl-reloc.o) (_dl_runtime_resolve)
/usr/lib/gcc/aarch64-linux-gnu/11/../../../aarch64-linux-gnu/libc.a(dl-cache.o)
                              /usr/lib/gcc/aarch64-linux-gnu/11/../../../aarch64-linux-gnu/libc.a(dl-load.o) (_dl_load_cache_lookup)
/usr/lib/gcc/aarch64-linux-gnu/11/../../../aarch64-linux-gnu/libc.a(dl-bti.o)
                              /usr/lib/gcc/aarch64-linux-gnu/11/../../../aarch64-linux-gnu/libc.a(dl-load.o) (_dl_bti_protect)
/usr/lib/gcc/aarch64-linux-gnu/11/../../../aarch64-linux-gnu/libc.a(dl-tlsdesc.o)
                              /usr/lib/gcc/aarch64-linux-gnu/11/../../../aarch64-linux-gnu/libc.a(dl-reloc.o) (_dl_tlsdesc_return)
/usr/lib/gcc/aarch64-linux-gnu/11/../../../aarch64-linux-gnu/libc.a(dl-libc.o)
                              /usr/lib/gcc/aarch64-linux-gnu/11/../../../aarch64-linux-gnu/libc.a(gconv_dl.o) (__libc_dlopen_mode)
/usr/lib/gcc/aarch64-linux-gnu/11/../../../aarch64-linux-gnu/libc.a(lc-numeric.o)
                              /usr/lib/gcc/aarch64-linux-gnu/11/../../../aarch64-linux-gnu/libc.a(vfprintf-internal.o) (_nl_current_LC_NUMERIC)
/usr/lib/gcc/aarch64-linux-gnu/11/../../../aarch64-linux-gnu/libc.a(C-messages.o)
                              /usr/lib/gcc/aarch64-linux-gnu/11/../../../aarch64-linux-gnu/libc.a(xlocale.o) (_nl_C_LC_MESSAGES)
/usr/lib/gcc/aarch64-linux-gnu/11/../../../aarch64-linux-gnu/libc.a(C-monetary.o)
                              /usr/lib/gcc/aarch64-linux-gnu/11/../../../aarch64-linux-gnu/libc.a(xlocale.o) (_nl_C_LC_MONETARY)
/usr/lib/gcc/aarch64-linux-gnu/11/../../../aarch64-linux-gnu/libc.a(C-numeric.o)
                              /usr/lib/gcc/aarch64-linux-gnu/11/../../../aarch64-linux-gnu/libc.a(xlocale.o) (_nl_C_LC_NUMERIC)
/usr/lib/gcc/aarch64-linux-gnu/11/../../../aarch64-linux-gnu/libc.a(C-time.o)
                              /usr/lib/gcc/aarch64-linux-gnu/11/../../../aarch64-linux-gnu/libc.a(xlocale.o) (_nl_C_LC_TIME)
/usr/lib/gcc/aarch64-linux-gnu/11/../../../aarch64-linux-gnu/libc.a(C-paper.o)
                              /usr/lib/gcc/aarch64-linux-gnu/11/../../../aarch64-linux-gnu/libc.a(xlocale.o) (_nl_C_LC_PAPER)
/usr/lib/gcc/aarch64-linux-gnu/11/../../../aarch64-linux-gnu/libc.a(C-name.o)
                              /usr/lib/gcc/aarch64-linux-gnu/11/../../../aarch64-linux-gnu/libc.a(xlocale.o) (_nl_C_LC_NAME)
/usr/lib/gcc/aarch64-linux-gnu/11/../../../aarch64-linux-gnu/libc.a(C-address.o)
                              /usr/lib/gcc/aarch64-linux-gnu/11/../../../aarch64-linux-gnu/libc.a(xlocale.o) (_nl_C_LC_ADDRESS)
/usr/lib/gcc/aarch64-linux-gnu/11/../../../aarch64-linux-gnu/libc.a(C-telephone.o)
                              /usr/lib/gcc/aarch64-linux-gnu/11/../../../aarch64-linux-gnu/libc.a(xlocale.o) (_nl_C_LC_TELEPHONE)
/usr/lib/gcc/aarch64-linux-gnu/11/../../../aarch64-linux-gnu/libc.a(C-measurement.o)
                              /usr/lib/gcc/aarch64-linux-gnu/11/../../../aarch64-linux-gnu/libc.a(xlocale.o) (_nl_C_LC_MEASUREMENT)
/usr/lib/gcc/aarch64-linux-gnu/11/../../../aarch64-linux-gnu/libc.a(C-identification.o)
                              /usr/lib/gcc/aarch64-linux-gnu/11/../../../aarch64-linux-gnu/libc.a(xlocale.o) (_nl_C_LC_IDENTIFICATION)
/usr/lib/gcc/aarch64-linux-gnu/11/../../../aarch64-linux-gnu/libc.a(C-collate.o)
                              /usr/lib/gcc/aarch64-linux-gnu/11/../../../aarch64-linux-gnu/libc.a(xlocale.o) (_nl_C_LC_COLLATE)
/usr/lib/gcc/aarch64-linux-gnu/11/../../../aarch64-linux-gnu/libc.a(_itoa.o)
                              /usr/lib/gcc/aarch64-linux-gnu/11/../../../aarch64-linux-gnu/libc.a(vfprintf-internal.o) (_itoa_word)
/usr/lib/gcc/aarch64-linux-gnu/11/../../../aarch64-linux-gnu/libc.a(itoa-digits.o)
                              /usr/lib/gcc/aarch64-linux-gnu/11/../../../aarch64-linux-gnu/libc.a(dl-reloc.o) (_itoa_lower_digits)
/usr/lib/gcc/aarch64-linux-gnu/11/../../../aarch64-linux-gnu/libc.a(itoa-udigits.o)
                              /usr/lib/gcc/aarch64-linux-gnu/11/../../../aarch64-linux-gnu/libc.a(_itoa.o) (_itoa_upper_digits)
/usr/lib/gcc/aarch64-linux-gnu/11/../../../aarch64-linux-gnu/libc.a(itowa-digits.o)
                              /usr/lib/gcc/aarch64-linux-gnu/11/../../../aarch64-linux-gnu/libc.a(vfwprintf-internal.o) (_itowa_upper_digits)
/usr/lib/gcc/aarch64-linux-gnu/11/../../../aarch64-linux-gnu/libc.a(printf_fp.o)
                              /usr/lib/gcc/aarch64-linux-gnu/11/../../../aarch64-linux-gnu/libc.a(vfprintf-internal.o) (__printf_fp)
/usr/lib/gcc/aarch64-linux-gnu/11/../../../aarch64-linux-gnu/libc.a(reg-printf.o)
                              /usr/lib/gcc/aarch64-linux-gnu/11/../../../aarch64-linux-gnu/libc.a(vfprintf-internal.o) (__printf_function_table)
/usr/lib/gcc/aarch64-linux-gnu/11/../../../aarch64-linux-gnu/libc.a(printf_fphex.o)
                              /usr/lib/gcc/aarch64-linux-gnu/11/../../../aarch64-linux-gnu/libc.a(vfprintf-internal.o) (__printf_fphex)
/usr/lib/gcc/aarch64-linux-gnu/11/../../../aarch64-linux-gnu/libc.a(reg-modifier.o)
                              /usr/lib/gcc/aarch64-linux-gnu/11/../../../aarch64-linux-gnu/libc.a(printf-parsemb.o) (__handle_registered_modifier_mb)
/usr/lib/gcc/aarch64-linux-gnu/11/../../../aarch64-linux-gnu/libc.a(reg-type.o)
                              /usr/lib/gcc/aarch64-linux-gnu/11/../../../aarch64-linux-gnu/libc.a(vfprintf-internal.o) (__printf_va_arg_table)
/usr/lib/gcc/aarch64-linux-gnu/11/../../../aarch64-linux-gnu/libc.a(snprintf.o)
                              /usr/lib/gcc/aarch64-linux-gnu/11/../../../aarch64-linux-gnu/libc.a(_strerror.o) (__snprintf)
/usr/lib/gcc/aarch64-linux-gnu/11/../../../aarch64-linux-gnu/libc.a(funlockfile.o)
                              /usr/lib/gcc/aarch64-linux-gnu/11/../../../aarch64-linux-gnu/libc.a(vfprintf-internal.o) (_IO_funlockfile)
/usr/lib/gcc/aarch64-linux-gnu/11/../../../aarch64-linux-gnu/libc.a(vsnprintf.o)
                              /usr/lib/gcc/aarch64-linux-gnu/11/../../../aarch64-linux-gnu/libc.a(snprintf.o) (__vsnprintf_internal)
/usr/lib/gcc/aarch64-linux-gnu/11/../../../aarch64-linux-gnu/libc.a(cleanup_compat.o)
                              /usr/lib/gcc/aarch64-linux-gnu/11/../../../aarch64-linux-gnu/libc.a(pthread_once.o) (__pthread_cleanup_push)
/usr/lib/gcc/aarch64-linux-gnu/11/../../../aarch64-linux-gnu/libc.a(nptl-stack.o)
                              /usr/lib/gcc/aarch64-linux-gnu/11/../../../aarch64-linux-gnu/libc.a(pthread_mutex_conf.o) (__nptl_stack_cache_maxsize)
/usr/lib/gcc/aarch64-linux-gnu/11/../../../aarch64-linux-gnu/libc.a(strspn.o)
                              /usr/lib/gcc/aarch64-linux-gnu/11/../../../aarch64-linux-gnu/libc.a(strtok_r.o) (strspn)
/usr/lib/gcc/aarch64-linux-gnu/11/../../../aarch64-linux-gnu/libc.a(strsep.o)
                              /usr/lib/gcc/aarch64-linux-gnu/11/../../../aarch64-linux-gnu/libc.a(dl-load.o) (__strsep)
/usr/lib/gcc/aarch64-linux-gnu/11/../../../aarch64-linux-gnu/libc.a(wmemchr.o)
                              /usr/lib/gcc/aarch64-linux-gnu/11/../../../aarch64-linux-gnu/libc.a(wcsnlen.o) (__wmemchr)
/usr/lib/gcc/aarch64-linux-gnu/11/../../../aarch64-linux-gnu/libc.a(wmemset.o)
                              /usr/lib/gcc/aarch64-linux-gnu/11/../../../aarch64-linux-gnu/libc.a(printf_fp.o) (__wmemset)
/usr/lib/gcc/aarch64-linux-gnu/11/../../../aarch64-linux-gnu/libc.a(stat64.o)
                              /usr/lib/gcc/aarch64-linux-gnu/11/../../../aarch64-linux-gnu/libc.a(dl-load.o) (__stat64)
/usr/lib/gcc/aarch64-linux-gnu/11/../../../aarch64-linux-gnu/libc.a(profil.o)
                              /usr/lib/gcc/aarch64-linux-gnu/11/../../../aarch64-linux-gnu/libc.a(dl-profile.o) (__profil)
/usr/lib/gcc/aarch64-linux-gnu/11/../../../aarch64-linux-gnu/libc.a(prof-freq.o)
                              /usr/lib/gcc/aarch64-linux-gnu/11/../../../aarch64-linux-gnu/libc.a(dl-profile.o) (__profile_frequency)
/usr/lib/gcc/aarch64-linux-gnu/11/../../../aarch64-linux-gnu/libc.a(dl-close.o)
                              /usr/lib/gcc/aarch64-linux-gnu/11/../../../aarch64-linux-gnu/libc.a(dl-libc.o) (_dl_close)
/usr/lib/gcc/aarch64-linux-gnu/11/../../../aarch64-linux-gnu/libc.a(dl-execstack.o)
                              /usr/lib/gcc/aarch64-linux-gnu/11/../../../aarch64-linux-gnu/libc.a(dl-load.o) (_dl_make_stacks_executable)
/usr/lib/gcc/aarch64-linux-gnu/11/../../../aarch64-linux-gnu/libc.a(dl-find_object.o)
                              /usr/lib/gcc/aarch64-linux-gnu/11/../../../aarch64-linux-gnu/libc.a(dl-close.o) (_dl_find_object_dlclose)
/usr/lib/gcc/aarch64-linux-gnu/11/../../../aarch64-linux-gnu/libc.a(dl-open.o)
                              /usr/lib/gcc/aarch64-linux-gnu/11/../../../aarch64-linux-gnu/libc.a(dl-libc.o) (_dl_open)
/usr/lib/gcc/aarch64-linux-gnu/11/../../../aarch64-linux-gnu/libc.a(dl-runtime.o)
                              /usr/lib/gcc/aarch64-linux-gnu/11/../../../aarch64-linux-gnu/libc.a(dl-trampoline.o) (_dl_fixup)
/usr/lib/gcc/aarch64-linux-gnu/11/../../../aarch64-linux-gnu/libc.a(dl-sort-maps.o)
                              /usr/lib/gcc/aarch64-linux-gnu/11/../../../aarch64-linux-gnu/libc.a(dl-close.o) (_dl_sort_maps)
/usr/lib/gcc/aarch64-linux-gnu/11/../../../aarch64-linux-gnu/libc.a(dl-version.o)
                              /usr/lib/gcc/aarch64-linux-gnu/11/../../../aarch64-linux-gnu/libc.a(dl-open.o) (_dl_check_map_versions)
/usr/lib/gcc/aarch64-linux-gnu/11/../../../aarch64-linux-gnu/libc.a(tlsdesc.o)
                              /usr/lib/gcc/aarch64-linux-gnu/11/../../../aarch64-linux-gnu/libc.a(dl-close.o) (_dl_unmap)
/usr/lib/gcc/aarch64-linux-gnu/11/../../../aarch64-linux-gnu/libc.a(dl-addr-obj.o)
                              /usr/lib/gcc/aarch64-linux-gnu/11/../../../aarch64-linux-gnu/libc.a(dl-find_object.o) (_dl_addr_inside_object)
/usr/lib/gcc/aarch64-linux-gnu/11/../../../aarch64-linux-gnu/libc.a(rtld_static_init.o)
                              /usr/lib/gcc/aarch64-linux-gnu/11/../../../aarch64-linux-gnu/libc.a(dl-open.o) (__rtld_static_init)
/usr/lib/gcc/aarch64-linux-gnu/11/../../../aarch64-linux-gnu/libc.a(lc-monetary.o)
                              /usr/lib/gcc/aarch64-linux-gnu/11/../../../aarch64-linux-gnu/libc.a(printf_fphex.o) (_nl_current_LC_MONETARY)
/usr/lib/gcc/aarch64-linux-gnu/11/../../../aarch64-linux-gnu/libc.a(cmp.o)
                              /usr/lib/gcc/aarch64-linux-gnu/11/../../../aarch64-linux-gnu/libc.a(printf_fp.o) (__mpn_cmp)
/usr/lib/gcc/aarch64-linux-gnu/11/../../../aarch64-linux-gnu/libc.a(divrem.o)
                              /usr/lib/gcc/aarch64-linux-gnu/11/../../../aarch64-linux-gnu/libc.a(printf_fp.o) (__mpn_divrem)
/usr/lib/gcc/aarch64-linux-gnu/11/../../../aarch64-linux-gnu/libc.a(lshift.o)
                              /usr/lib/gcc/aarch64-linux-gnu/11/../../../aarch64-linux-gnu/libc.a(printf_fp.o) (__mpn_lshift)
/usr/lib/gcc/aarch64-linux-gnu/11/../../../aarch64-linux-gnu/libc.a(rshift.o)
                              /usr/lib/gcc/aarch64-linux-gnu/11/../../../aarch64-linux-gnu/libc.a(printf_fp.o) (__mpn_rshift)
/usr/lib/gcc/aarch64-linux-gnu/11/../../../aarch64-linux-gnu/libc.a(mul.o)
                              /usr/lib/gcc/aarch64-linux-gnu/11/../../../aarch64-linux-gnu/libc.a(printf_fp.o) (__mpn_mul)
/usr/lib/gcc/aarch64-linux-gnu/11/../../../aarch64-linux-gnu/libc.a(mul_1.o)
                              /usr/lib/gcc/aarch64-linux-gnu/11/../../../aarch64-linux-gnu/libc.a(printf_fp.o) (__mpn_mul_1)
/usr/lib/gcc/aarch64-linux-gnu/11/../../../aarch64-linux-gnu/libc.a(mul_n.o)
                              /usr/lib/gcc/aarch64-linux-gnu/11/../../../aarch64-linux-gnu/libc.a(mul.o) (__mpn_impn_mul_n)
/usr/lib/gcc/aarch64-linux-gnu/11/../../../aarch64-linux-gnu/libc.a(sub_n.o)
                              /usr/lib/gcc/aarch64-linux-gnu/11/../../../aarch64-linux-gnu/libc.a(divrem.o) (__mpn_sub_n)
/usr/lib/gcc/aarch64-linux-gnu/11/../../../aarch64-linux-gnu/libc.a(submul_1.o)
                              /usr/lib/gcc/aarch64-linux-gnu/11/../../../aarch64-linux-gnu/libc.a(divrem.o) (__mpn_submul_1)
/usr/lib/gcc/aarch64-linux-gnu/11/../../../aarch64-linux-gnu/libc.a(dbl2mpn.o)
                              /usr/lib/gcc/aarch64-linux-gnu/11/../../../aarch64-linux-gnu/libc.a(printf_fp.o) (__mpn_extract_double)
/usr/lib/gcc/aarch64-linux-gnu/11/../../../aarch64-linux-gnu/libc.a(ldbl2mpn.o)
                              /usr/lib/gcc/aarch64-linux-gnu/11/../../../aarch64-linux-gnu/libc.a(printf_fp.o) (__mpn_extract_long_double)
/usr/lib/gcc/aarch64-linux-gnu/11/../../../aarch64-linux-gnu/libc.a(fpioconst.o)
                              /usr/lib/gcc/aarch64-linux-gnu/11/../../../aarch64-linux-gnu/libc.a(printf_fp.o) (_fpioconst_pow10)
/usr/lib/gcc/aarch64-linux-gnu/11/../../../aarch64-linux-gnu/libc.a(dladdr.o)
                              /usr/lib/gcc/aarch64-linux-gnu/11/../../../aarch64-linux-gnu/libc.a(rtld_static_init.o) (__dladdr)
/usr/lib/gcc/aarch64-linux-gnu/11/../../../aarch64-linux-gnu/libc.a(dladdr1.o)
                              /usr/lib/gcc/aarch64-linux-gnu/11/../../../aarch64-linux-gnu/libc.a(rtld_static_init.o) (__dladdr1)
/usr/lib/gcc/aarch64-linux-gnu/11/../../../aarch64-linux-gnu/libc.a(dlclose.o)
                              /usr/lib/gcc/aarch64-linux-gnu/11/../../../aarch64-linux-gnu/libc.a(rtld_static_init.o) (__dlclose)
/usr/lib/gcc/aarch64-linux-gnu/11/../../../aarch64-linux-gnu/libc.a(dlerror.o)
                              /usr/lib/gcc/aarch64-linux-gnu/11/../../../aarch64-linux-gnu/libc.a(rtld_static_init.o) (__dlerror)
/usr/lib/gcc/aarch64-linux-gnu/11/../../../aarch64-linux-gnu/libc.a(dlinfo.o)
                              /usr/lib/gcc/aarch64-linux-gnu/11/../../../aarch64-linux-gnu/libc.a(rtld_static_init.o) (__dlinfo)
/usr/lib/gcc/aarch64-linux-gnu/11/../../../aarch64-linux-gnu/libc.a(dlmopen.o)
                              /usr/lib/gcc/aarch64-linux-gnu/11/../../../aarch64-linux-gnu/libc.a(rtld_static_init.o) (__dlmopen)
/usr/lib/gcc/aarch64-linux-gnu/11/../../../aarch64-linux-gnu/libc.a(dlopen.o)
                              /usr/lib/gcc/aarch64-linux-gnu/11/../../../aarch64-linux-gnu/libc.a(rtld_static_init.o) (__dlopen)
/usr/lib/gcc/aarch64-linux-gnu/11/../../../aarch64-linux-gnu/libc.a(dlsym.o)
                              /usr/lib/gcc/aarch64-linux-gnu/11/../../../aarch64-linux-gnu/libc.a(rtld_static_init.o) (__dlsym)
/usr/lib/gcc/aarch64-linux-gnu/11/../../../aarch64-linux-gnu/libc.a(dlvsym.o)
                              /usr/lib/gcc/aarch64-linux-gnu/11/../../../aarch64-linux-gnu/libc.a(rtld_static_init.o) (__dlvsym)
/usr/lib/gcc/aarch64-linux-gnu/11/../../../aarch64-linux-gnu/libc.a(libc_dlerror_result.o)
                              /usr/lib/gcc/aarch64-linux-gnu/11/../../../aarch64-linux-gnu/libc.a(dlerror.o) (__libc_dlerror_result)
/usr/lib/gcc/aarch64-linux-gnu/11/../../../aarch64-linux-gnu/libc.a(setitimer.o)
                              /usr/lib/gcc/aarch64-linux-gnu/11/../../../aarch64-linux-gnu/libc.a(profil.o) (__setitimer)
/usr/lib/gcc/aarch64-linux-gnu/11/../../../aarch64-linux-gnu/libc.a(dl-call-libc-early-init.o)
                              /usr/lib/gcc/aarch64-linux-gnu/11/../../../aarch64-linux-gnu/libc.a(dl-open.o) (_dl_call_libc_early_init)
/usr/lib/gcc/aarch64-linux-gnu/11/../../../aarch64-linux-gnu/libc.a(dl-deps.o)
                              /usr/lib/gcc/aarch64-linux-gnu/11/../../../aarch64-linux-gnu/libc.a(dl-open.o) (_dl_map_object_deps)
/usr/lib/gcc/aarch64-linux-gnu/11/../../../aarch64-linux-gnu/libc.a(dl-init.o)
                              /usr/lib/gcc/aarch64-linux-gnu/11/../../../aarch64-linux-gnu/libc.a(dl-open.o) (_dl_init)
/usr/lib/gcc/aarch64-linux-gnu/11/../../../aarch64-linux-gnu/libc.a(dl-lookup-direct.o)
                              /usr/lib/gcc/aarch64-linux-gnu/11/../../../aarch64-linux-gnu/libc.a(rtld_static_init.o) (_dl_lookup_direct)
/usr/lib/gcc/aarch64-linux-gnu/11/../../../aarch64-linux-gnu/libc.a(dl-addr.o)
                              /usr/lib/gcc/aarch64-linux-gnu/11/../../../aarch64-linux-gnu/libc.a(dladdr.o) (_dl_addr)
/usr/lib/gcc/aarch64-linux-gnu/11/../../../aarch64-linux-gnu/libc.a(dl-sym.o)
                              /usr/lib/gcc/aarch64-linux-gnu/11/../../../aarch64-linux-gnu/libc.a(dlvsym.o) (_dl_vsym)
/usr/lib/gcc/aarch64-linux-gnu/11/../../../aarch64-linux-gnu/libc.a(add_n.o)
                              /usr/lib/gcc/aarch64-linux-gnu/11/../../../aarch64-linux-gnu/libc.a(divrem.o) (__mpn_add_n)
/usr/lib/gcc/aarch64-linux-gnu/11/../../../aarch64-linux-gnu/libc.a(addmul_1.o)
                              /usr/lib/gcc/aarch64-linux-gnu/11/../../../aarch64-linux-gnu/libc.a(mul.o) (__mpn_addmul_1)
